../Core/Src/main.c:80:5:main	8	static
../Core/Src/main.c:145:6:SystemClock_Config	88	static
../Core/Src/main.c:192:13:MX_TIM1_Init	80	static
../Core/Src/main.c:257:13:MX_TIM3_Init	48	static
../Core/Src/main.c:306:13:MX_TIM5_Init	56	static
../Core/Src/main.c:355:13:MX_USART2_UART_Init	8	static
../Core/Src/main.c:388:13:MX_GPIO_Init	48	static
../Core/Src/main.c:417:6:controll_motor	16	static
../Core/Src/main.c:436:8:pid	56	static
../Core/Src/main.c:457:6:Error_Handler	4	static,ignoring_inline_asm
